[www.sraa.co.nz/index.html]
[backblue.gif]
[fade.gif]
[index.html]
[www.sraa.co.nz/site/sraa/images/basic_theme/favicon.ico]
[www.sraa.co.nz/stylesheet/x_b/4.5/c/7qtqCXwC-W2sXRlUu/template/81/template_style.css]
[www.sraa.co.nz/stylesheet/x_b/4.5/c/7qtqCXwC-W2sXRlUu/page/389/page_style.css]
[www.sraa.co.nz/process/x_g/7qtqCXwC-QkvTkMyb/mv_display/zest_controller.js]
[cdnjs.cloudflare.com/ajax/libs/jquery/1.7.2/jquery.min.js]
[cdnjs.cloudflare.com/ajax/libs/prototype/1.7.0.0/prototype.js]
[www.sraa.co.nz/process/x_lv/3.7/mv_display/google_tools.js]
[www.google-analytics.com/analytics.js]
[images.zeald.com/site/sraa/images/basic_theme/logo.gif]
[www.sraa.co.nz/About+Us.html]
[www.sraa.co.nz/Services.html]
[www.sraa.co.nz/Projects.html]
[www.sraa.co.nz/Projects/Commercial.html]
[www.sraa.co.nz/Projects/Residential.html]
[www.sraa.co.nz/Projects/Apartments.html]
[www.sraa.co.nz/Projects/Pacific.html]
[www.sraa.co.nz/process/x_g/7qtqCXwC-QkvTkMyb/mv_display/images_slider.js]
[www.sraa.co.nz/Contact+us.html]
[www.sraa.co.nz/process/x_g/7qtqCXwC-QkvTkMyb/mv_display/slider_effect.js]
[images.zeald.com/ic/sraa/3199720758/1614_10 - cropped.jpg]
[www.sraa.co.nz/Projects/Residential/Chatswood+Renovation.html]
[images.zeald.com/ic/sraa/1925320159/1614_2 cropped.jpg]
[images.zeald.com/ic/sraa/650721514/15 Nugent_Roof Garden_Slideshow.jpg]
[www.sraa.co.nz/Projects/Apartments/15+Nugent+Street.html]
[images.zeald.com/ic/sraa/3778698259/Nugent Rise Cropped.jpg]
[www.sraa.co.nz/Projects/Apartments/Nugent+Rise.html]
[images.zeald.com/ic/sraa/4104237664/IMGL9965-cropped.jpg]
[www.sraa.co.nz/Projects/Apartments/Ocean+Point+Beach+Residences.html]
[images.zeald.com/ic/sraa/4129742151/IMGL1660-cropped.jpg]
[www.sraa.co.nz/Projects/Residential/Villa+Rejuvenation.html]
[images.zeald.com/ic/sraa/191172025/IMGL1545-cropped.jpg]
[www.sraa.co.nz/Projects/Residential/Mission+Bay+Residence.html]
[images.zeald.com/ic/sraa/2475587103/lounge_w-6570a-cropped.jpg]
[www.sraa.co.nz/Projects/Residential/Rawhiti+Peninsula+Bay+of+Islands.html]
[images.zeald.com/ic/sraa/2567721764/IMG_9492-cropped.jpg]
[www.sraa.co.nz/Projects/Residential/Coastal+Residence.html]
[images.zeald.com/ic/sraa/1935976734/IMGL0678-cropped.jpg]
[www.sraa.co.nz/Projects/Apartments/Point+Ridge+Albany.html]
[images.zeald.com/ic/sraa/2573383409/4_Remuera-cropped.jpg]
[www.sraa.co.nz/Projects/Residential/Remuera+Residence.html]
[images.zeald.com/site/sraa/images/basic_theme/IMGL0023 - cropped.jpg]
[images.zeald.com/site/sraa/images/basic_theme/IMG_9511-cropped.jpg]
[images.zeald.com/site/sraa/images/basic_theme/quote.png]
[images.zeald.com/site/sraa/images/basic_theme/prefooter_logo.gif]
[www.sraa.co.nz/index.html]
[www.sraa.co.nz/websitemap.html]
[www.sraa.co.nz/site/sraa/images/basic_theme/bullet.png]
[www.sraa.co.nz/interchange-5/en_US/ico_error.gif]
[images.zeald.com/site/sraa/images/basic_theme/logo_respon.png]
[images.zeald.com/site/sraa/images/basic_theme/quote.gif]
[images.zeald.com/site/sraa/images/basic_theme/closequote.gif]
[images.zeald.com/site/sraa/images/gui/TopLevelMenu.gif]
[www.sraa.co.nz/stylesheet/x_b/4.5/c/7qtqCXwC-W2sXRlUu/template/81/template_style.css]
[images.zeald.com/site/sraa/images/basic_theme/ScrollingBanner/bullet.png]
[images.zeald.com/site/sraa/images/basic_theme/ScrollingBanner/arrows.png]
[images.zeald.com/site/sraa/images/basic_theme/ScrollingBanner/triangle.png]
[images.zeald.com/site/sraa/images/basic_theme/btn_carousel_left.png]
[images.zeald.com/site/sraa/images/basic_theme/btn_carousel_right.png]
[www.sraa.co.nz/stylesheet/x_b/4.5/c/7qtqCXwC-W2sXRlUu/page/389/page_style.css]
[www.sraa.co.nz/stylesheet/x_b/4.5/c/7qtqCXwC-W2sXRlUu/template/117/template_style.css]
[www.sraa.co.nz/stylesheet/x_b/4.5/c/7qtqCXwC-W2sXRlUu/page/1113/page_style.css]
[www.sraa.co.nz/About+Us/Chris+Pollard.html]
[images.zeald.com/site/sraa/images/content/Chris_Pollard sml.jpg]
[images.zeald.com/site/sraa/images/content/Graeme_Ricketts sml.jpg]
[www.sraa.co.nz/About+Us/Graeme+Ricketts.html]
[images.zeald.com/site/sraa/images/content/Ron.jpg]
[www.sraa.co.nz/About+Us.html]
[www.sraa.co.nz/About+Us/Ron+Fox.html]
[images.zeald.com/site/sraa/images/content/design.jpg]
[www.sraa.co.nz/stylesheet/x_b/4.5/c/7qtqCXwC-W2sXRlUu/page/307/page_style.css]
[images.zeald.com/site/sraa/images/content/documentation.jpg]
[images.zeald.com/site/sraa/images/content/delivery.jpg]
[images.zeald.com/site/sraa/images/content/renovations.jpg]
[images.zeald.com/site/sraa/images/content/interior design.jpg]
[images.zeald.com/site/sraa/images/content/commercial design.jpg]
[www.sraa.co.nz/Services.html]
[www.sraa.co.nz/Projects.html]
[www.sraa.co.nz/stylesheet/x_b/4.5/c/7qtqCXwC-W2sXRlUu/page/815/page_style.css]
[www.sraa.co.nz/stylesheet/x_b/4.5/c/7qtqCXwC-W2sXRlUu/page/762/page_style.css]
[www.sraa.co.nz/Projects/Commercial/Browns+Bay+Medical+Centre.html]
[images.zeald.com/site/sraa/images/projects/1 Bays Health-571.jpg]
[www.sraa.co.nz/Projects/Commercial/Molesi.html]
[images.zeald.com/site/sraa/images/projects/molesi-thumb.jpg]
[www.sraa.co.nz/Projects/Commercial/ASTCA+Telecommunications+Building.html]
[images.zeald.com/site/sraa/images/projects/astca-thumb.jpg]
[www.sraa.co.nz/Projects/Commercial/Cable+Landing+Station+Tonga.html]
[images.zeald.com/site/sraa/images/projects/cable-thumb.jpg]
[www.sraa.co.nz/Projects/Commercial.html]
[images.zeald.com/site/sraa/images/projects/market-thumb.jpg]
[www.sraa.co.nz/Projects/Commercial/Pago+Pago+Harbour+Commercial+Complex+American+Samoa.html]
[www.sraa.co.nz/site/sraa/files/images/1614_2-913.jpg]
[www.sraa.co.nz/stylesheet/x_b/4.5/c/7qtqCXwC-W2sXRlUu/page/763/page_style.css]
[www.sraa.co.nz/site/sraa/files/images/IMGL1594-266.jpg]
[images.zeald.com/site/sraa/images/IMGL1545-949.jpg]
[images.zeald.com/site/sraa/images/projects/remuera-thumb-499.jpg]
[images.zeald.com/site/sraa/images/projects/rawhiti-thumb-306.jpg]
[www.sraa.co.nz/Projects/Residential/Kaikoura+Retreat.html]
[images.zeald.com/site/sraa/images/projects/kaikoura-thumb-771.jpg]
[images.zeald.com/site/sraa/images/projects/coastal-thumb-891.jpg]
[www.sraa.co.nz/Projects/Residential.html]
[images.zeald.com/site/sraa/images/projects/brick-thumb-542.jpg]
[www.sraa.co.nz/Projects/Residential/Brick+Bay.html]
[images.zeald.com/site/sraa/images/projects/albany/15 Nugent_Ext_Front_Final02-213.jpg]
[www.sraa.co.nz/stylesheet/x_b/4.5/c/7qtqCXwC-W2sXRlUu/page/766/page_style.css]
[images.zeald.com/site/sraa/images/projects/whisper-cove-thumb.jpg]
[www.sraa.co.nz/Projects/Apartments/Whisper+Cove+Snells+Beach.html]
[images.zeald.com/site/sraa/images/projects/Nugent Rise/Nugent_5G_Living_final01-80.jpg]
[images.zeald.com/site/sraa/images/projects/albany/IMGL0689-copy-577.jpg]
[images.zeald.com/site/sraa/images/projects/ocean point/IMGL0019-cropped-209.jpg]
[images.zeald.com/site/sraa/images/projects/paihai-thumb.jpg]
[www.sraa.co.nz/Projects/Apartments/The+Waterfront+Suites+Paihia+Hotel.html]
[www.sraa.co.nz/Projects/Apartments.html]
[images.zeald.com/site/sraa/images/projects/Nugent Apartments/IMG_71-76-165.jpg]
[www.sraa.co.nz/Projects/Apartments/Nugent+Apartments.html]
[www.sraa.co.nz/stylesheet/x_b/4.5/c/7qtqCXwC-W2sXRlUu/page/816/page_style.css]
[images.zeald.com/site/sraa/images/projects/aggies-thumb2.jpg]
[www.sraa.co.nz/Projects/Pacific/Aggie+Greys+Lagoon+Beach+Resort+and+Spa+Samoa.html]
[images.zeald.com/site/sraa/images/projects/palace-thumb.jpg]
[www.sraa.co.nz/Projects/Pacific/Royal+Palace+Kingdom+of+Tonga.html]
[www.sraa.co.nz/Projects/Pacific.html]
[images.zeald.com/site/sraa/images/projects/samoa-thumb.jpg]
[www.sraa.co.nz/Projects/Pacific/Survivor+Samoa+Surf+and+Beach+Resort.html]
[www.sraa.co.nz/process/x_lv/1/mv_display/md5.js]
[www.sraa.co.nz/stylesheet/x_b/4.5/c/7qtqCXwC-W2sXRlUu/page/277/page_style.css]
[www.sraa.co.nz/process/x_lv/1.4/mv_display/ajax.js]
[www.sraa.co.nz/Contact+us.html]
[images.zeald.com/site/sraa/images/basic_theme/btn_submit.gif]
[www.sraa.co.nz/stylesheet/x_b/4.5/c/7qtqCXwC-W2sXRlUu/page/1213/page_style.css]
[www.sraa.co.nz/process/x_g/7qtqCXwC-QkvTkMyb/mv_display/jquery_liquidcarousel_pack.js]
[images.zeald.com/ic/sraa/1881252841/1614_10.jpg]
[images.zeald.com/ic/sraa/1134662141/1614_20.jpg]
[images.zeald.com/ic/sraa/1412052961/1614_30.jpg]
[images.zeald.com/ic/sraa/479184115/1614_50.jpg]
[images.zeald.com/ic/sraa/1312850100/1614_40.jpg]
[images.zeald.com/ic/sraa/1975181412/1614_1.jpg]
[images.zeald.com/ic/sraa/2762861739/1614_2.jpg]
[images.zeald.com/ic/sraa/2641600749/1614_3.jpg]
[images.zeald.com/ic/sraa/4240590241/1614_4.jpg]
[images.zeald.com/ic/sraa/1935337689/1614_5.jpg]
[images.zeald.com/ic/sraa/3768476645/1614_6.jpg]
[images.zeald.com/ic/sraa/39433848/1614_10.jpg]
[images.zeald.com/ic/sraa/4264369263/1614_20.jpg]
[images.zeald.com/ic/sraa/3851834187/1614_30.jpg]
[images.zeald.com/ic/sraa/2540812245/1614_50.jpg]
[images.zeald.com/ic/sraa/1445356849/1614_40.jpg]
[images.zeald.com/ic/sraa/1912979896/1614_1.jpg]
[images.zeald.com/ic/sraa/2780964243/1614_2.jpg]
[images.zeald.com/ic/sraa/1463422972/1614_3.jpg]
[images.zeald.com/ic/sraa/756875671/1614_4.jpg]
[images.zeald.com/ic/sraa/2086905741/1614_5.jpg]
[images.zeald.com/ic/sraa/3754211704/1614_6.jpg]
[www.sraa.co.nz/Projects/Residential/Chatswood+Renovation.html]
[images.zeald.com/ic/sraa/564184289/15 Nugent_Ext_Hero_Final01.jpg]
[www.sraa.co.nz/stylesheet/x_b/4.5/c/7qtqCXwC-W2sXRlUu/page/1207/page_style.css]
[images.zeald.com/ic/sraa/3862307042/15 Nugent_Ext_Front_Final02.jpg]
[images.zeald.com/ic/sraa/905722473/15 Nugent_Ext_Courtyard_North_Final01.jpg]
[images.zeald.com/ic/sraa/2366707006/15 Nugent_Ext_Courtyard_South_Final02.jpg]
[images.zeald.com/ic/sraa/2919189023/15 Nugent_Ext_Roof Garden C_Final01.jpg]
[images.zeald.com/ic/sraa/3846933117/15 Nugent_Ext_Aerial_Final01.jpg]
[images.zeald.com/ic/sraa/1625526081/15 Nugent_Ext_Hero_Final01.jpg]
[images.zeald.com/ic/sraa/674141418/15 Nugent_Ext_Front_Final02.jpg]
[images.zeald.com/ic/sraa/2856292795/15 Nugent_Ext_Courtyard_North_Final01.jpg]
[images.zeald.com/ic/sraa/622238411/15 Nugent_Ext_Courtyard_South_Final02.jpg]
[images.zeald.com/ic/sraa/1100096031/15 Nugent_Ext_Roof Garden C_Final01.jpg]
[images.zeald.com/ic/sraa/17734234/15 Nugent_Ext_Aerial_Final01.jpg]
[www.sraa.co.nz/Projects/Apartments/15+Nugent+Street.html]
[images.zeald.com/ic/sraa/2213192475/Nugent Rise_1.jpg]
[images.zeald.com/ic/sraa/227554685/Nugent Rise_2.jpg]
[www.sraa.co.nz/stylesheet/x_b/4.5/c/7qtqCXwC-W2sXRlUu/page/1198/page_style.css]
[images.zeald.com/ic/sraa/276650148/Nugent Rise_3.jpg]
[images.zeald.com/ic/sraa/3868556381/Nugent Rise_4.jpg]
[images.zeald.com/ic/sraa/1618805845/Nugent Rise_5.jpg]
[images.zeald.com/ic/sraa/1053962148/Nugent Exterior - Hero_final02_no logo.jpg]
[images.zeald.com/ic/sraa/3829716592/Nugent Rise_6.jpg]
[images.zeald.com/ic/sraa/1352154350/Nugent Rise_Facade_draft01 (1).jpg]
[images.zeald.com/ic/sraa/1616750601/Nugent Rise_7.jpg]
[images.zeald.com/ic/sraa/2322572538/Nugent_5G_Living_final01.jpg]
[images.zeald.com/ic/sraa/1224486301/Nugent_5G_Kitchen_final01.jpg]
[images.zeald.com/ic/sraa/2447438246/Nugent_5A_Bathroom_final01.jpg]
[images.zeald.com/ic/sraa/2405935865/Nugent_6G_Living_final01.jpg]
[images.zeald.com/ic/sraa/4207509646/Nugent_6G_Dining_final01.jpg]
[images.zeald.com/ic/sraa/581802259/Nugent_5A_Bedroom_final01.jpg]
[images.zeald.com/ic/sraa/1057233079/Nugent_6N_Bedroom-deck_final01.jpg]
[images.zeald.com/ic/sraa/3722621787/Nugent_5A_Bathroom_Level6_final01.jpg]
[images.zeald.com/ic/sraa/1954816446/Nugent Rise_1.jpg]
[images.zeald.com/ic/sraa/1817248839/Nugent Rise_2.jpg]
[images.zeald.com/ic/sraa/338890681/Nugent Rise_3.jpg]
[images.zeald.com/ic/sraa/3365003400/Nugent Rise_4.jpg]
[images.zeald.com/ic/sraa/208533672/Nugent Rise_5.jpg]
[images.zeald.com/ic/sraa/1863780844/Nugent Exterior - Hero_final02_no logo.jpg]
[images.zeald.com/ic/sraa/2536847673/Nugent Rise_6.jpg]
[images.zeald.com/ic/sraa/3461229528/Nugent Rise_Facade_draft01 (1).jpg]
[images.zeald.com/ic/sraa/3484699613/Nugent Rise_7.jpg]
[images.zeald.com/ic/sraa/1012123859/Nugent_5G_Living_final01.jpg]
[images.zeald.com/ic/sraa/1321076671/Nugent_5G_Kitchen_final01.jpg]
[images.zeald.com/ic/sraa/1922786382/Nugent_5A_Bathroom_final01.jpg]
[images.zeald.com/ic/sraa/142484126/Nugent_6G_Living_final01.jpg]
[images.zeald.com/ic/sraa/3772733543/Nugent_6G_Dining_final01.jpg]
[images.zeald.com/ic/sraa/3562671860/Nugent_5A_Bedroom_final01.jpg]
[images.zeald.com/ic/sraa/1147696742/Nugent_6N_Bedroom-deck_final01.jpg]
[www.sraa.co.nz/Projects/Apartments/Nugent+Rise.html]
[images.zeald.com/ic/sraa/1265217822/Nugent_5A_Bathroom_Level6_final01.jpg]
[images.zeald.com/ic/sraa/990205688/IMGL9983-cropped.jpg]
[www.sraa.co.nz/stylesheet/x_b/4.5/c/7qtqCXwC-W2sXRlUu/page/1193/page_style.css]
[images.zeald.com/ic/sraa/1196637335/IMGL9954.jpg]
[images.zeald.com/ic/sraa/765452664/IMGL0019-cropped.jpg]
[images.zeald.com/ic/sraa/4079739180/IMGL0008-cropped.jpg]
[images.zeald.com/ic/sraa/4059954725/IMGL9997.jpg]
[images.zeald.com/ic/sraa/3458985282/IMGL0056.jpg]
[images.zeald.com/ic/sraa/1116326173/IMGL0053.jpg]
[images.zeald.com/ic/sraa/3096878239/188173_6_Listing_v1.jpg]
[images.zeald.com/ic/sraa/2313561663/188173_9_Listing_v1.jpg]
[images.zeald.com/ic/sraa/3467789811/188173_16_Listing_v1-cropped.jpg]
[images.zeald.com/ic/sraa/1284120589/IMGL9983-cropped.jpg]
[images.zeald.com/ic/sraa/2895839766/IMGL9954.jpg]
[images.zeald.com/ic/sraa/2372510936/IMGL0019-cropped.jpg]
[images.zeald.com/ic/sraa/318864785/IMGL0008-cropped.jpg]
[images.zeald.com/ic/sraa/2487598372/IMGL9997.jpg]
[images.zeald.com/ic/sraa/2274607673/IMGL0056.jpg]
[images.zeald.com/ic/sraa/1857688957/IMGL0053.jpg]
[images.zeald.com/ic/sraa/3693171175/188173_6_Listing_v1.jpg]
[images.zeald.com/ic/sraa/3919353717/188173_9_Listing_v1.jpg]
[images.zeald.com/ic/sraa/645101626/188173_16_Listing_v1-cropped.jpg]
[www.sraa.co.nz/Projects/Apartments/Ocean+Point+Beach+Residences.html]
[www.sraa.co.nz/stylesheet/x_b/4.5/c/7qtqCXwC-W2sXRlUu/page/1182/page_style.css]
[images.zeald.com/ic/sraa/3487072729/IMGL1594.jpg]
[images.zeald.com/ic/sraa/2318368607/Ullrich 30-11-12 004.jpg]
[images.zeald.com/ic/sraa/1288649513/IMGL1611.jpg]
[images.zeald.com/ic/sraa/2808910607/IMGL1615.jpg]
[images.zeald.com/ic/sraa/1894660056/IMGL1620.jpg]
[images.zeald.com/ic/sraa/2999332193/IMGL1617.jpg]
[images.zeald.com/ic/sraa/820652247/IMGL1632.jpg]
[images.zeald.com/ic/sraa/45882106/IMGL1643.jpg]
[images.zeald.com/ic/sraa/775801897/IMGL1637.jpg]
[images.zeald.com/ic/sraa/1431856893/IMGL1660.jpg]
[images.zeald.com/ic/sraa/839295433/IMGL1677.jpg]
[images.zeald.com/ic/sraa/2562071809/IMGL1594.jpg]
[images.zeald.com/ic/sraa/956149305/Ullrich 30-11-12 004.jpg]
[images.zeald.com/ic/sraa/3335238392/IMGL1611.jpg]
[images.zeald.com/ic/sraa/1062875538/IMGL1615.jpg]
[images.zeald.com/ic/sraa/754790222/IMGL1620.jpg]
[images.zeald.com/ic/sraa/3330925463/IMGL1617.jpg]
[images.zeald.com/ic/sraa/2203915108/IMGL1632.jpg]
[images.zeald.com/ic/sraa/1669121785/IMGL1643.jpg]
[images.zeald.com/ic/sraa/1130916292/IMGL1637.jpg]
[images.zeald.com/ic/sraa/2032288167/IMGL1660.jpg]
[images.zeald.com/ic/sraa/660544944/IMGL1677.jpg]
[www.sraa.co.nz/Projects/Residential/Villa+Rejuvenation.html]
[images.zeald.com/ic/sraa/2126014035/IMGL1530.jpg]
[www.sraa.co.nz/stylesheet/x_b/4.5/c/7qtqCXwC-W2sXRlUu/page/1188/page_style.css]
[images.zeald.com/ic/sraa/550409850/IMGL1573.jpg]
[images.zeald.com/ic/sraa/3868048657/IMGL1512.jpg]
[images.zeald.com/ic/sraa/2568865784/IMGL1545.jpg]
[images.zeald.com/ic/sraa/1909269010/IMGL1519.jpg]
[images.zeald.com/ic/sraa/4204226360/IMGL1477.jpg]
[images.zeald.com/ic/sraa/2894078462/IMGL1470.jpg]
[images.zeald.com/ic/sraa/4249473617/IMGL1530.jpg]
[images.zeald.com/ic/sraa/2477916156/IMGL1573.jpg]
[images.zeald.com/ic/sraa/3197802335/IMGL1512.jpg]
[images.zeald.com/ic/sraa/3337992257/IMGL1545.jpg]
[images.zeald.com/ic/sraa/715065235/IMGL1519.jpg]
[images.zeald.com/ic/sraa/3650115103/IMGL1477.jpg]
[www.sraa.co.nz/Projects/Residential/Mission+Bay+Residence.html]
[images.zeald.com/ic/sraa/2326859385/IMGL1470.jpg]
[images.zeald.com/ic/sraa/4229873367/house_nght-6573.jpg]
[www.sraa.co.nz/stylesheet/x_b/4.5/c/7qtqCXwC-W2sXRlUu/page/779/page_style.css]
[images.zeald.com/ic/sraa/1140192173/lounge_w-6570a.jpg]
[images.zeald.com/ic/sraa/3840943793/dining-6546.jpg]
[images.zeald.com/ic/sraa/2421725278/lounge_s-6534.jpg]
[images.zeald.com/ic/sraa/116703005/deck_w-6548.jpg]
[images.zeald.com/ic/sraa/1951486846/house_nght-6554.jpg]
[images.zeald.com/ic/sraa/6737593/house_nght-6573.jpg]
[images.zeald.com/ic/sraa/1110062489/lounge_w-6570a.jpg]
[images.zeald.com/ic/sraa/1816792773/dining-6546.jpg]
[images.zeald.com/ic/sraa/1812593747/lounge_s-6534.jpg]
[images.zeald.com/ic/sraa/3916553588/deck_w-6548.jpg]
[images.zeald.com/ic/sraa/98986327/house_nght-6554.jpg]
[www.sraa.co.nz/Projects/Residential/Rawhiti+Peninsula+Bay+of+Islands.html]
[images.zeald.com/ic/sraa/3497505357/IMG_9492.jpg]
[www.sraa.co.nz/stylesheet/x_b/4.5/c/7qtqCXwC-W2sXRlUu/page/783/page_style.css]
[images.zeald.com/ic/sraa/2406669025/0513_1.jpg]
[images.zeald.com/ic/sraa/3191765193/0513_2.jpg]
[images.zeald.com/ic/sraa/3945995124/0513_3.jpg]
[images.zeald.com/ic/sraa/1111500202/0513_4.jpg]
[images.zeald.com/ic/sraa/1605191795/0513_5.jpg]
[images.zeald.com/ic/sraa/2860508589/0513_6.jpg]
[images.zeald.com/ic/sraa/4285695504/0513_7.jpg]
[images.zeald.com/ic/sraa/4207447292/0513_8.jpg]
[images.zeald.com/ic/sraa/558557346/0513_9.jpg]
[images.zeald.com/ic/sraa/1122980547/IMG_9492.jpg]
[images.zeald.com/ic/sraa/2722851779/0513_1.jpg]
[images.zeald.com/ic/sraa/2358934645/0513_2.jpg]
[images.zeald.com/ic/sraa/2754995768/0513_3.jpg]
[images.zeald.com/ic/sraa/2385351438/0513_4.jpg]
[images.zeald.com/ic/sraa/4132411632/0513_5.jpg]
[images.zeald.com/ic/sraa/2461664927/0513_6.jpg]
[images.zeald.com/ic/sraa/3121978578/0513_7.jpg]
[images.zeald.com/ic/sraa/937188902/0513_8.jpg]
[images.zeald.com/ic/sraa/2582099653/0513_9.jpg]
[www.sraa.co.nz/Projects/Residential/Coastal+Residence.html]
[images.zeald.com/ic/sraa/1888954380/IMGL0698-copy.jpg]
[www.sraa.co.nz/stylesheet/x_b/4.5/c/7qtqCXwC-W2sXRlUu/page/771/page_style.css]
[images.zeald.com/ic/sraa/3693123327/IMGL0694-copy.jpg]
[images.zeald.com/ic/sraa/3919652179/IMGL0689-copy.jpg]
[images.zeald.com/ic/sraa/868899532/IMGL0678-copy.jpg]
[images.zeald.com/ic/sraa/1044245953/IMGL0671-copy.jpg]
[images.zeald.com/ic/sraa/3435304051/0905_5.jpg]
[images.zeald.com/ic/sraa/957364653/0905_6.jpg]
[images.zeald.com/ic/sraa/775445869/0905_7.jpg]
[images.zeald.com/ic/sraa/4019292999/IMGL0698-copy.jpg]
[images.zeald.com/ic/sraa/1945993608/IMGL0694-copy.jpg]
[images.zeald.com/ic/sraa/108156385/IMGL0689-copy.jpg]
[images.zeald.com/ic/sraa/451026734/IMGL0678-copy.jpg]
[images.zeald.com/ic/sraa/2019697583/IMGL0671-copy.jpg]
[images.zeald.com/ic/sraa/3555319594/0905_5.jpg]
[images.zeald.com/ic/sraa/3072082245/0905_6.jpg]
[images.zeald.com/ic/sraa/3531307523/0905_7.jpg]
[www.sraa.co.nz/Projects/Apartments/Point+Ridge+Albany.html]
[images.zeald.com/ic/sraa/29873885/1_remuera_resized.jpg]
[www.sraa.co.nz/stylesheet/x_b/4.5/c/7qtqCXwC-W2sXRlUu/page/795/page_style.css]
[images.zeald.com/ic/sraa/2156254756/2_remuera_resized.jpg]
[images.zeald.com/ic/sraa/218966982/3_remuera_resized.jpg]
[images.zeald.com/ic/sraa/2514145545/4_remuera_resized.jpg]
[images.zeald.com/ic/sraa/408038635/5_remuera_resized.jpg]
[images.zeald.com/ic/sraa/1438264460/6_remuera_resized.jpg]
[images.zeald.com/ic/sraa/3627209070/7_remuera_resized.jpg]
[images.zeald.com/ic/sraa/2030819028/8_remuera_resized.jpg]
[images.zeald.com/ic/sraa/942222248/9_remuera_resized.jpg]
[images.zeald.com/ic/sraa/2589054732/1_remuera_resized.jpg]
[images.zeald.com/ic/sraa/904757079/2_remuera_resized.jpg]
[images.zeald.com/ic/sraa/2694687682/3_remuera_resized.jpg]
[images.zeald.com/ic/sraa/2059008517/4_remuera_resized.jpg]
[images.zeald.com/ic/sraa/4022939280/5_remuera_resized.jpg]
[images.zeald.com/ic/sraa/2334741870/6_remuera_resized.jpg]
[images.zeald.com/ic/sraa/509182459/7_remuera_resized.jpg]
[images.zeald.com/ic/sraa/843649980/8_remuera_resized.jpg]
[www.sraa.co.nz/Projects/Residential/Remuera+Residence.html]
[images.zeald.com/ic/sraa/1818563724/9_remuera_resized.jpg]
[www.sraa.co.nz/websitemap.html]
[www.sraa.co.nz/stylesheet/x_b/4.5/c/7qtqCXwC-W2sXRlUu/template/117/template_style.css]
[www.sraa.co.nz/stylesheet/x_b/4.5/c/7qtqCXwC-W2sXRlUu/page/1113/page_style.css]
[www.sraa.co.nz/stylesheet/x_b/4.5/c/7qtqCXwC-W2sXRlUu/page/394/page_style.css]
[images.zeald.com/site/sraa/images/content/Chris_Pollard.jpg]
[www.sraa.co.nz/About+Us/Chris+Pollard.html]
[www.sraa.co.nz/stylesheet/x_b/4.5/c/7qtqCXwC-W2sXRlUu/page/1132/page_style.css]
[www.sraa.co.nz/About+Us/Graeme+Ricketts.html]
[images.zeald.com/site/sraa/images/content/Graeme_Ricketts.jpg]
[www.sraa.co.nz/stylesheet/x_b/4.5/c/7qtqCXwC-W2sXRlUu/page/1133/page_style.css]
[www.sraa.co.nz/About+Us/Ron+Fox.html]
[images.zeald.com/site/sraa/images/content/ron lge.jpg]
[www.sraa.co.nz/stylesheet/x_b/4.5/c/7qtqCXwC-W2sXRlUu/page/307/page_style.css]
[www.sraa.co.nz/stylesheet/x_b/4.5/c/7qtqCXwC-W2sXRlUu/page/815/page_style.css]
[www.sraa.co.nz/stylesheet/x_b/4.5/c/7qtqCXwC-W2sXRlUu/page/762/page_style.css]
[www.sraa.co.nz/stylesheet/x_b/4.5/c/7qtqCXwC-W2sXRlUu/page/1134/page_style.css]
[images.zeald.com/ic/sraa/1806477607/0 Bays Health Existing.jpg]
[www.sraa.co.nz/stylesheet/x_b/4.5/c/7qtqCXwC-W2sXRlUu/page/1218/page_style.css]
[images.zeald.com/ic/sraa/1027564215/1 Bays Health.jpg]
[images.zeald.com/ic/sraa/1354338797/2 Bays Health.jpg]
[images.zeald.com/ic/sraa/3096559685/3 Bays Health.jpg]
[images.zeald.com/ic/sraa/1385457141/4 Bays Health.jpg]
[images.zeald.com/ic/sraa/2625508275/5 Bays Health.jpg]
[images.zeald.com/ic/sraa/2138564362/6 Bays Health.jpg]
[images.zeald.com/ic/sraa/2644164539/7 Bays Health.jpg]
[images.zeald.com/ic/sraa/1373407062/8 Bays Health.jpg]
[images.zeald.com/ic/sraa/3998991281/9 Bays Health.jpg]
[images.zeald.com/ic/sraa/785600906/10 Bays Health.jpg]
[images.zeald.com/ic/sraa/1077938345/11 Bays Health.jpg]
[images.zeald.com/ic/sraa/3782015853/12 Bays Health.jpg]
[images.zeald.com/ic/sraa/2123370534/0 Bays Health Existing.jpg]
[images.zeald.com/ic/sraa/514233939/1 Bays Health.jpg]
[images.zeald.com/ic/sraa/3619266284/2 Bays Health.jpg]
[images.zeald.com/ic/sraa/3980347619/3 Bays Health.jpg]
[images.zeald.com/ic/sraa/1872771846/4 Bays Health.jpg]
[images.zeald.com/ic/sraa/1136764508/5 Bays Health.jpg]
[images.zeald.com/ic/sraa/206232653/6 Bays Health.jpg]
[images.zeald.com/ic/sraa/734608122/7 Bays Health.jpg]
[images.zeald.com/ic/sraa/3138703262/8 Bays Health.jpg]
[images.zeald.com/ic/sraa/4132493802/9 Bays Health.jpg]
[images.zeald.com/ic/sraa/3500819910/10 Bays Health.jpg]
[images.zeald.com/ic/sraa/3988831003/11 Bays Health.jpg]
[images.zeald.com/ic/sraa/4018364417/12 Bays Health.jpg]
[www.sraa.co.nz/Projects/Commercial/Browns+Bay+Medical+Centre.html]
[www.sraa.co.nz/stylesheet/x_b/4.5/c/7qtqCXwC-W2sXRlUu/page/803/page_style.css]
[images.zeald.com/ic/sraa/1706584718/1004_1_resized.jpg]
[images.zeald.com/ic/sraa/3987951368/1004_2_resized.jpg]
[images.zeald.com/ic/sraa/3520310272/1004_3_resized.jpg]
[images.zeald.com/ic/sraa/1693517112/1004_4_resized.jpg]
[images.zeald.com/ic/sraa/2409529616/1004_1_resized.jpg]
[images.zeald.com/ic/sraa/1176262034/1004_2_resized.jpg]
[images.zeald.com/ic/sraa/1202301071/1004_3_resized.jpg]
[images.zeald.com/ic/sraa/1134582748/1004_4_resized.jpg]
[www.sraa.co.nz/Projects/Commercial/Molesi.html]
[www.sraa.co.nz/stylesheet/x_b/4.5/c/7qtqCXwC-W2sXRlUu/page/799/page_style.css]
[images.zeald.com/ic/sraa/1604254215/0812_1.jpg]
[images.zeald.com/ic/sraa/1726371655/0812_2.jpg]
[images.zeald.com/ic/sraa/1909339015/0812_3.jpg]
[images.zeald.com/ic/sraa/2593655332/0812_4.jpg]
[images.zeald.com/ic/sraa/2377150180/0812_5.jpg]
[images.zeald.com/ic/sraa/1193704861/0812_1.jpg]
[images.zeald.com/ic/sraa/3901698135/0812_2.jpg]
[images.zeald.com/ic/sraa/2380794641/0812_3.jpg]
[images.zeald.com/ic/sraa/3929595692/0812_4.jpg]
[images.zeald.com/ic/sraa/2405426282/0812_5.jpg]
[www.sraa.co.nz/Projects/Commercial/ASTCA+Telecommunications+Building.html]
[images.zeald.com/ic/sraa/1470685861/1007_1.jpg]
[www.sraa.co.nz/stylesheet/x_b/4.5/c/7qtqCXwC-W2sXRlUu/page/807/page_style.css]
[images.zeald.com/ic/sraa/3154586914/1007_1.jpg]
[www.sraa.co.nz/Projects/Commercial/Cable+Landing+Station+Tonga.html]
[www.sraa.co.nz/stylesheet/x_b/4.5/c/7qtqCXwC-W2sXRlUu/page/811/page_style.css]
[images.zeald.com/ic/sraa/363584227/0727_1.jpg]
[images.zeald.com/ic/sraa/752056227/0727_2.jpg]
[images.zeald.com/ic/sraa/4284816533/0727_3.jpg]
[images.zeald.com/ic/sraa/398729241/0727_1.jpg]
[images.zeald.com/ic/sraa/3094179283/0727_2.jpg]
[images.zeald.com/ic/sraa/2536431436/0727_3.jpg]
[www.sraa.co.nz/Projects/Commercial/Pago+Pago+Harbour+Commercial+Complex+American+Samoa.html]
[www.sraa.co.nz/stylesheet/x_b/4.5/c/7qtqCXwC-W2sXRlUu/page/763/page_style.css]
[images.zeald.com/ic/sraa/3432106666/1_kaikoura_resized.jpg]
[www.sraa.co.nz/stylesheet/x_b/4.5/c/7qtqCXwC-W2sXRlUu/page/791/page_style.css]
[images.zeald.com/ic/sraa/969470399/2_kaikoura_resized.jpg]
[images.zeald.com/ic/sraa/2000812566/3_kaikoura_resized.jpg]
[images.zeald.com/ic/sraa/1167052296/4_kaikoura_resized.jpg]
[images.zeald.com/ic/sraa/184993185/5_kaikoura_resized.jpg]
[images.zeald.com/ic/sraa/3634223450/6_kaikoura_resized.jpg]
[images.zeald.com/ic/sraa/1050931160/1_kaikoura_resized.jpg]
[images.zeald.com/ic/sraa/1915067373/2_kaikoura_resized.jpg]
[images.zeald.com/ic/sraa/4074081522/3_kaikoura_resized.jpg]
[images.zeald.com/ic/sraa/3337086253/4_kaikoura_resized.jpg]
[images.zeald.com/ic/sraa/1175974450/5_kaikoura_resized.jpg]
[images.zeald.com/ic/sraa/477547858/6_kaikoura_resized.jpg]
[www.sraa.co.nz/Projects/Residential/Kaikoura+Retreat.html]
[images.zeald.com/ic/sraa/415930666/perspective downsized.jpg]
[www.sraa.co.nz/stylesheet/x_b/4.5/c/7qtqCXwC-W2sXRlUu/page/787/page_style.css]
[images.zeald.com/ic/sraa/2284360402/perspective downsized.jpg]
[www.sraa.co.nz/Projects/Residential/Brick+Bay.html]
[www.sraa.co.nz/stylesheet/x_b/4.5/c/7qtqCXwC-W2sXRlUu/page/766/page_style.css]
[images.zeald.com/ic/sraa/3090539621/0420_1.jpg]
[www.sraa.co.nz/stylesheet/x_b/4.5/c/7qtqCXwC-W2sXRlUu/page/775/page_style.css]
[images.zeald.com/ic/sraa/2169325861/0420_2.jpg]
[images.zeald.com/ic/sraa/417999366/0420_3.jpg]
[images.zeald.com/ic/sraa/2100499526/0420_4.jpg]
[images.zeald.com/ic/sraa/1780183174/0420_5.jpg]
[images.zeald.com/ic/sraa/2680806744/0420_6.jpg]
[images.zeald.com/ic/sraa/1371646772/0420_7.jpg]
[images.zeald.com/ic/sraa/417015173/0420_1.jpg]
[images.zeald.com/ic/sraa/3077728335/0420_2.jpg]
[images.zeald.com/ic/sraa/1417748903/0420_3.jpg]
[images.zeald.com/ic/sraa/3049621300/0420_4.jpg]
[images.zeald.com/ic/sraa/3500326002/0420_5.jpg]
[images.zeald.com/ic/sraa/3025609245/0420_6.jpg]
[images.zeald.com/ic/sraa/543599502/0420_7.jpg]
[www.sraa.co.nz/Projects/Apartments/Whisper+Cove+Snells+Beach.html]
[images.zeald.com/ic/sraa/1980634334/9078_1.jpg]
[www.sraa.co.nz/stylesheet/x_b/4.5/c/7qtqCXwC-W2sXRlUu/page/767/page_style.css]
[images.zeald.com/ic/sraa/1333180830/9078_2.jpg]
[images.zeald.com/ic/sraa/2499075520/9078_3.jpg]
[images.zeald.com/ic/sraa/4226345625/9078_4.jpg]
[images.zeald.com/ic/sraa/3972042329/9078_5.jpg]
[images.zeald.com/ic/sraa/3585614617/9078_6.jpg]
[images.zeald.com/ic/sraa/1135944446/9079_7.jpg]
[images.zeald.com/ic/sraa/153110907/9078_1.jpg]
[images.zeald.com/ic/sraa/2793997489/9078_2.jpg]
[images.zeald.com/ic/sraa/145943634/9078_3.jpg]
[images.zeald.com/ic/sraa/4109597305/9078_4.jpg]
[images.zeald.com/ic/sraa/2442412351/9078_5.jpg]
[images.zeald.com/ic/sraa/1044188405/9078_6.jpg]
[images.zeald.com/ic/sraa/1282560883/9079_7.jpg]
[www.sraa.co.nz/Projects/Apartments/The+Waterfront+Suites+Paihia+Hotel.html]
[images.zeald.com/ic/sraa/979209265/IMG_71.jpg]
[www.sraa.co.nz/stylesheet/x_b/4.5/c/7qtqCXwC-W2sXRlUu/page/1202/page_style.css]
[images.zeald.com/ic/sraa/4069855255/IMG_57.jpg]
[images.zeald.com/ic/sraa/2343294421/IMG_28.jpg]
[images.zeald.com/ic/sraa/3892701143/IMG_65.jpg]
[images.zeald.com/ic/sraa/3411696479/IMG_39.jpg]
[images.zeald.com/ic/sraa/2421435817/IMG_41 .jpg]
[images.zeald.com/ic/sraa/4254919911/IMG_48.jpg]
[images.zeald.com/ic/sraa/885040666/IMG_71.jpg]
[images.zeald.com/ic/sraa/602274505/IMG_57.jpg]
[images.zeald.com/ic/sraa/3875137280/IMG_28.jpg]
[images.zeald.com/ic/sraa/3757944749/IMG_65.jpg]
[images.zeald.com/ic/sraa/3608710269/IMG_39.jpg]
[images.zeald.com/ic/sraa/1877329048/IMG_41 .jpg]
[images.zeald.com/ic/sraa/2423101637/IMG_48.jpg]
[www.sraa.co.nz/Projects/Apartments/Nugent+Apartments.html]
[www.sraa.co.nz/stylesheet/x_b/4.5/c/7qtqCXwC-W2sXRlUu/page/816/page_style.css]
[images.zeald.com/ic/sraa/3425175454/0306_1_resized.jpg]
[www.sraa.co.nz/stylesheet/x_b/4.5/c/7qtqCXwC-W2sXRlUu/page/817/page_style.css]
[images.zeald.com/ic/sraa/2290688646/0306_2_resized.jpg]
[images.zeald.com/ic/sraa/3035218318/0306_3_resized.jpg]
[images.zeald.com/ic/sraa/30107830/0306_4_resized.jpg]
[images.zeald.com/ic/sraa/1034652606/0306_5_resized.jpg]
[images.zeald.com/ic/sraa/2030743206/0306_6_resized.jpg]
[images.zeald.com/ic/sraa/1164594606/0306_7_resized.jpg]
[images.zeald.com/ic/sraa/3359570583/0306_8_resized.jpg]
[images.zeald.com/ic/sraa/4099807647/0306_9_resized.jpg]
[images.zeald.com/ic/sraa/2504255150/0306_1_resized.jpg]
[images.zeald.com/ic/sraa/2543706505/0306_2_resized.jpg]
[images.zeald.com/ic/sraa/2519211156/0306_3_resized.jpg]
[images.zeald.com/ic/sraa/2451697607/0306_4_resized.jpg]
[images.zeald.com/ic/sraa/2475954906/0306_5_resized.jpg]
[images.zeald.com/ic/sraa/2437551613/0306_6_resized.jpg]
[images.zeald.com/ic/sraa/2432690400/0306_7_resized.jpg]
[images.zeald.com/ic/sraa/2572809051/0306_8_resized.jpg]
[images.zeald.com/ic/sraa/2565606982/0306_9_resized.jpg]
[www.sraa.co.nz/Projects/Pacific/Aggie+Greys+Lagoon+Beach+Resort+and+Spa+Samoa.html]
[www.sraa.co.nz/stylesheet/x_b/4.5/c/7qtqCXwC-W2sXRlUu/page/821/page_style.css]
[images.zeald.com/ic/sraa/180119310/1006_1_resized.jpg]
[images.zeald.com/ic/sraa/2193048200/1006_2_resized.jpg]
[images.zeald.com/ic/sraa/3201802624/1006_3_resized.jpg]
[images.zeald.com/ic/sraa/200607928/1006_4_resized.jpg]
[images.zeald.com/ic/sraa/932572080/1006_5_resized.jpg]
[images.zeald.com/ic/sraa/1932840616/1006_6_resized.jpg]
[images.zeald.com/ic/sraa/4265697516/1006_1_resized.jpg]
[images.zeald.com/ic/sraa/935572590/1006_2_resized.jpg]
[images.zeald.com/ic/sraa/913721715/1006_3_resized.jpg]
[images.zeald.com/ic/sraa/847231520/1006_4_resized.jpg]
[images.zeald.com/ic/sraa/868894525/1006_5_resized.jpg]
[images.zeald.com/ic/sraa/823410714/1006_6_resized.jpg]
[www.sraa.co.nz/Projects/Pacific/Royal+Palace+Kingdom+of+Tonga.html]
[www.sraa.co.nz/stylesheet/x_b/4.5/c/7qtqCXwC-W2sXRlUu/page/825/page_style.css]
[images.zeald.com/ic/sraa/3755086486/0903_1_resized.jpg]
[images.zeald.com/ic/sraa/2608019342/0903_2_resized.jpg]
[images.zeald.com/ic/sraa/2803094662/0903_3_resized.jpg]
[images.zeald.com/ic/sraa/2862903083/0904_4_resized.jpg]
[images.zeald.com/ic/sraa/297103588/0903_1_resized.jpg]
[images.zeald.com/ic/sraa/325810115/0903_2_resized.jpg]
[images.zeald.com/ic/sraa/316574430/0903_3_resized.jpg]
[images.zeald.com/ic/sraa/2750795957/0904_4_resized.jpg]
[www.sraa.co.nz/Projects/Pacific/Survivor+Samoa+Surf+and+Beach+Resort.html]
[www.sraa.co.nz/stylesheet/x_b/4.5/c/7qtqCXwC-W2sXRlUu/page/277/page_style.css]
[www.sraa.co.nz/stylesheet/x_b/4.5/c/7qtqCXwC-W2sXRlUu/page/1213/page_style.css]
[www.sraa.co.nz/stylesheet/x_b/4.5/c/7qtqCXwC-W2sXRlUu/page/1207/page_style.css]
[www.sraa.co.nz/stylesheet/x_b/4.5/c/7qtqCXwC-W2sXRlUu/page/1198/page_style.css]
[www.sraa.co.nz/stylesheet/x_b/4.5/c/7qtqCXwC-W2sXRlUu/page/1193/page_style.css]
[www.sraa.co.nz/stylesheet/x_b/4.5/c/7qtqCXwC-W2sXRlUu/page/1182/page_style.css]
[www.sraa.co.nz/stylesheet/x_b/4.5/c/7qtqCXwC-W2sXRlUu/page/1188/page_style.css]
[www.sraa.co.nz/stylesheet/x_b/4.5/c/7qtqCXwC-W2sXRlUu/page/779/page_style.css]
[www.sraa.co.nz/stylesheet/x_b/4.5/c/7qtqCXwC-W2sXRlUu/page/783/page_style.css]
[www.sraa.co.nz/stylesheet/x_b/4.5/c/7qtqCXwC-W2sXRlUu/page/771/page_style.css]
[www.sraa.co.nz/stylesheet/x_b/4.5/c/7qtqCXwC-W2sXRlUu/page/795/page_style.css]
[www.sraa.co.nz/stylesheet/x_b/4.5/c/7qtqCXwC-W2sXRlUu/page/394/page_style.css]
[www.sraa.co.nz/stylesheet/x_b/4.5/c/7qtqCXwC-W2sXRlUu/page/1132/page_style.css]
[www.sraa.co.nz/stylesheet/x_b/4.5/c/7qtqCXwC-W2sXRlUu/page/1133/page_style.css]
[www.sraa.co.nz/stylesheet/x_b/4.5/c/7qtqCXwC-W2sXRlUu/page/1134/page_style.css]
[www.sraa.co.nz/stylesheet/x_b/4.5/c/7qtqCXwC-W2sXRlUu/page/1218/page_style.css]
[www.sraa.co.nz/stylesheet/x_b/4.5/c/7qtqCXwC-W2sXRlUu/page/803/page_style.css]
[www.sraa.co.nz/stylesheet/x_b/4.5/c/7qtqCXwC-W2sXRlUu/page/799/page_style.css]
[www.sraa.co.nz/stylesheet/x_b/4.5/c/7qtqCXwC-W2sXRlUu/page/807/page_style.css]
[www.sraa.co.nz/stylesheet/x_b/4.5/c/7qtqCXwC-W2sXRlUu/page/811/page_style.css]
[www.sraa.co.nz/stylesheet/x_b/4.5/c/7qtqCXwC-W2sXRlUu/page/791/page_style.css]
[www.sraa.co.nz/stylesheet/x_b/4.5/c/7qtqCXwC-W2sXRlUu/page/787/page_style.css]
[www.sraa.co.nz/stylesheet/x_b/4.5/c/7qtqCXwC-W2sXRlUu/page/775/page_style.css]
[www.sraa.co.nz/stylesheet/x_b/4.5/c/7qtqCXwC-W2sXRlUu/page/767/page_style.css]
[www.sraa.co.nz/stylesheet/x_b/4.5/c/7qtqCXwC-W2sXRlUu/page/1202/page_style.css]
[www.sraa.co.nz/stylesheet/x_b/4.5/c/7qtqCXwC-W2sXRlUu/page/817/page_style.css]
[www.sraa.co.nz/stylesheet/x_b/4.5/c/7qtqCXwC-W2sXRlUu/page/821/page_style.css]
[www.sraa.co.nz/stylesheet/x_b/4.5/c/7qtqCXwC-W2sXRlUu/page/825/page_style.css]
